stm32f7xx_hal_irda.c:321:13:HAL_IRDA_MspInit	0	static
stm32f7xx_hal_irda.c:234:19:HAL_IRDA_Init	16	static
stm32f7xx_hal_irda.c:337:13:HAL_IRDA_MspDeInit	0	static
stm32f7xx_hal_irda.c:287:19:HAL_IRDA_DeInit	8	static
stm32f7xx_hal_irda.c:443:19:HAL_IRDA_Transmit	24	static
stm32f7xx_hal_irda.c:515:19:HAL_IRDA_Receive	24	static
stm32f7xx_hal_irda.c:589:19:HAL_IRDA_Transmit_IT	8	static
stm32f7xx_hal_irda.c:631:19:HAL_IRDA_Receive_IT	4	static
stm32f7xx_hal_irda.c:680:19:HAL_IRDA_Transmit_DMA	24	static
stm32f7xx_hal_irda.c:743:19:HAL_IRDA_Receive_DMA	24	static
stm32f7xx_hal_irda.c:805:19:HAL_IRDA_DMAPause	0	static
stm32f7xx_hal_irda.c:839:19:HAL_IRDA_DMAResume	0	static
stm32f7xx_hal_irda.c:874:19:HAL_IRDA_DMAStop	8	static
stm32f7xx_hal_irda.c:929:19:HAL_IRDA_Abort	8	static
stm32f7xx_hal_irda.c:997:19:HAL_IRDA_AbortTransmit	8	static
stm32f7xx_hal_irda.c:1040:19:HAL_IRDA_AbortReceive	8	static
stm32f7xx_hal_irda.c:1487:13:HAL_IRDA_TxCpltCallback	0	static
stm32f7xx_hal_irda.c:1847:13:IRDA_DMATransmitCplt	8	static
stm32f7xx_hal_irda.c:1503:13:HAL_IRDA_TxHalfCpltCallback	0	static
stm32f7xx_hal_irda.c:1877:13:IRDA_DMATransmitHalfCplt	8	static
stm32f7xx_hal_irda.c:1519:13:HAL_IRDA_RxCpltCallback	0	static
stm32f7xx_hal_irda.c:1890:13:IRDA_DMAReceiveCplt	8	static
stm32f7xx_hal_irda.c:2176:26:IRDA_Receive_IT	8	static
stm32f7xx_hal_irda.c:1535:13:HAL_IRDA_RxHalfCpltCallback	0	static
stm32f7xx_hal_irda.c:1920:13:IRDA_DMAReceiveHalfCplt	8	static
stm32f7xx_hal_irda.c:1551:13:HAL_IRDA_ErrorCallback	0	static
stm32f7xx_hal_irda.c:1933:13:IRDA_DMAError	8	static
stm32f7xx_hal_irda.c:1345:6:HAL_IRDA_IRQHandler	16	static
stm32f7xx_hal_irda.c:1963:13:IRDA_DMAAbortOnError	8	static
stm32f7xx_hal_irda.c:1567:13:HAL_IRDA_AbortCpltCallback	0	static
stm32f7xx_hal_irda.c:1089:19:HAL_IRDA_Abort_IT	16	static
stm32f7xx_hal_irda.c:2022:13:IRDA_DMARxAbortCallback	8	static
stm32f7xx_hal_irda.c:1980:13:IRDA_DMATxAbortCallback	8	static
stm32f7xx_hal_irda.c:1583:13:HAL_IRDA_AbortTransmitCpltCallback	0	static
stm32f7xx_hal_irda.c:1215:19:HAL_IRDA_AbortTransmit_IT	8	static
stm32f7xx_hal_irda.c:2064:13:IRDA_DMATxOnlyAbortCallback	8	static
stm32f7xx_hal_irda.c:1599:13:HAL_IRDA_AbortReceiveCpltCallback	0	static
stm32f7xx_hal_irda.c:1281:19:HAL_IRDA_AbortReceive_IT	16	static
stm32f7xx_hal_irda.c:2085:13:IRDA_DMARxOnlyAbortCallback	8	static
stm32f7xx_hal_irda.c:1638:23:HAL_IRDA_GetState	0	static
stm32f7xx_hal_irda.c:1654:10:HAL_IRDA_GetError	0	static
