stm32f7xx_hal_usart.c:271:14:HAL_USART_MspInit	0	static
stm32f7xx_hal_usart.c:189:19:HAL_USART_Init	16	static
stm32f7xx_hal_usart.c:286:14:HAL_USART_MspDeInit	0	static
stm32f7xx_hal_usart.c:237:19:HAL_USART_DeInit	16	static
stm32f7xx_hal_usart.c:365:19:HAL_USART_Transmit	24	static
stm32f7xx_hal_usart.c:436:19:HAL_USART_Receive	32	static
stm32f7xx_hal_usart.c:519:19:HAL_USART_TransmitReceive	32	static
stm32f7xx_hal_usart.c:609:19:HAL_USART_Transmit_IT	8	static
stm32f7xx_hal_usart.c:656:19:HAL_USART_Receive_IT	12	static
stm32f7xx_hal_usart.c:712:19:HAL_USART_TransmitReceive_IT	4	static
stm32f7xx_hal_usart.c:767:19:HAL_USART_Transmit_DMA	24	static
stm32f7xx_hal_usart.c:832:19:HAL_USART_Receive_DMA	24	static
stm32f7xx_hal_usart.c:922:19:HAL_USART_TransmitReceive_DMA	32	static
stm32f7xx_hal_usart.c:1006:19:HAL_USART_DMAPause	0	static
stm32f7xx_hal_usart.c:1043:19:HAL_USART_DMAResume	0	static
stm32f7xx_hal_usart.c:1088:19:HAL_USART_DMAStop	8	static
stm32f7xx_hal_usart.c:1285:13:HAL_USART_TxCpltCallback	0	static
stm32f7xx_hal_usart.c:1673:13:USART_DMATransmitCplt	8	static
stm32f7xx_hal_usart.c:1300:14:HAL_USART_TxHalfCpltCallback	0	static
stm32f7xx_hal_usart.c:1708:13:USART_DMATxHalfCplt	8	static
stm32f7xx_hal_usart.c:1315:13:HAL_USART_RxCpltCallback	0	static
stm32f7xx_hal_usart.c:1496:26:USART_Receive_IT	8	static
stm32f7xx_hal_usart.c:1330:13:HAL_USART_RxHalfCpltCallback	0	static
stm32f7xx_hal_usart.c:1771:13:USART_DMARxHalfCplt	8	static
stm32f7xx_hal_usart.c:1345:13:HAL_USART_TxRxCpltCallback	0	static
stm32f7xx_hal_usart.c:1720:13:USART_DMAReceiveCplt	8	static
stm32f7xx_hal_usart.c:1549:26:USART_TransmitReceive_IT	8	static
stm32f7xx_hal_usart.c:1360:13:HAL_USART_ErrorCallback	0	static
stm32f7xx_hal_usart.c:1783:13:USART_DMAError	8	static
stm32f7xx_hal_usart.c:1137:6:HAL_USART_IRQHandler	16	static
stm32f7xx_hal_usart.c:1816:13:USART_DMAAbortOnError	8	static
stm32f7xx_hal_usart.c:1398:24:HAL_USART_GetState	0	static
stm32f7xx_hal_usart.c:1409:10:HAL_USART_GetError	0	static
