stm32f7xx_hal_nand.c:198:13:HAL_NAND_MspInit	0	static
stm32f7xx_hal_nand.c:135:20:HAL_NAND_Init	16	static
stm32f7xx_hal_nand.c:214:13:HAL_NAND_MspDeInit	0	static
stm32f7xx_hal_nand.c:175:19:HAL_NAND_DeInit	8	static
stm32f7xx_hal_nand.c:281:13:HAL_NAND_ITCallback	0	static
stm32f7xx_hal_nand.c:231:6:HAL_NAND_IRQHandler	8	static
stm32f7xx_hal_nand.c:317:19:HAL_NAND_Read_ID	16	static,ignoring_inline_asm
stm32f7xx_hal_nand.c:382:19:HAL_NAND_Reset	8	static
stm32f7xx_hal_nand.c:421:20:HAL_NAND_ConfigDevice	16	static
stm32f7xx_hal_nand.c:444:19:HAL_NAND_Read_Page_8b	56	static,ignoring_inline_asm
stm32f7xx_hal_nand.c:588:19:HAL_NAND_Read_Page_16b	56	static,ignoring_inline_asm
stm32f7xx_hal_nand.c:730:19:HAL_NAND_Write_Page_8b	56	static,ignoring_inline_asm
stm32f7xx_hal_nand.c:868:19:HAL_NAND_Write_Page_16b	56	static,ignoring_inline_asm
stm32f7xx_hal_nand.c:1006:19:HAL_NAND_Read_SpareArea_8b	64	static,ignoring_inline_asm
stm32f7xx_hal_nand.c:1155:19:HAL_NAND_Read_SpareArea_16b	64	static,ignoring_inline_asm
stm32f7xx_hal_nand.c:1304:19:HAL_NAND_Write_SpareArea_8b	64	static,ignoring_inline_asm
stm32f7xx_hal_nand.c:1451:19:HAL_NAND_Write_SpareArea_16b	72	static,ignoring_inline_asm
stm32f7xx_hal_nand.c:1596:19:HAL_NAND_Erase_Block	16	static,ignoring_inline_asm
stm32f7xx_hal_nand.c:1646:10:HAL_NAND_Address_Inc	4	static
stm32f7xx_hal_nand.c:1699:20:HAL_NAND_ECC_Enable	8	static
stm32f7xx_hal_nand.c:1725:20:HAL_NAND_ECC_Disable	8	static
stm32f7xx_hal_nand.c:1753:20:HAL_NAND_GetECC	8	static
stm32f7xx_hal_nand.c:1801:23:HAL_NAND_GetState	0	static
stm32f7xx_hal_nand.c:1812:10:HAL_NAND_Read_Status	0	static
