stm32f7xx_hal_mdios.c:242:14:HAL_MDIOS_MspInit	0	static
stm32f7xx_hal_mdios.c:150:19:HAL_MDIOS_Init	16	static
stm32f7xx_hal_mdios.c:257:14:HAL_MDIOS_MspDeInit	0	static
stm32f7xx_hal_mdios.c:207:19:HAL_MDIOS_DeInit	8	static
stm32f7xx_hal_mdios.c:310:19:HAL_MDIOS_WriteReg	8	static
stm32f7xx_hal_mdios.c:339:19:HAL_MDIOS_ReadReg	8	static
stm32f7xx_hal_mdios.c:366:10:HAL_MDIOS_GetWrittenRegAddress	0	static
stm32f7xx_hal_mdios.c:376:10:HAL_MDIOS_GetReadRegAddress	0	static
stm32f7xx_hal_mdios.c:387:19:HAL_MDIOS_ClearWriteRegAddress	8	static
stm32f7xx_hal_mdios.c:410:19:HAL_MDIOS_ClearReadRegAddress	8	static
stm32f7xx_hal_mdios.c:432:19:HAL_MDIOS_EnableEvents	4	static
stm32f7xx_hal_mdios.c:511:14:HAL_MDIOS_WriteCpltCallback	0	static
stm32f7xx_hal_mdios.c:526:14:HAL_MDIOS_ReadCpltCallback	0	static
stm32f7xx_hal_mdios.c:541:14:HAL_MDIOS_ErrorCallback	0	static
stm32f7xx_hal_mdios.c:556:13:HAL_MDIOS_WakeUpCallback	0	static
stm32f7xx_hal_mdios.c:451:6:HAL_MDIOS_IRQHandler	16	static
stm32f7xx_hal_mdios.c:591:10:HAL_MDIOS_GetError	0	static
stm32f7xx_hal_mdios.c:602:24:HAL_MDIOS_GetState	0	static
