stm32f7xx_hal_hcd.c:182:19:HAL_HCD_HC_Init	48	static
stm32f7xx_hal_hcd.c:221:19:HAL_HCD_HC_Halt	8	static
stm32f7xx_hal_hcd.c:262:14:HAL_HCD_MspInit	0	static
stm32f7xx_hal_hcd.c:125:19:HAL_HCD_Init	64	static
stm32f7xx_hal_hcd.c:277:14:HAL_HCD_MspDeInit	0	static
stm32f7xx_hal_hcd.c:237:19:HAL_HCD_DeInit	8	static
stm32f7xx_hal_hcd.c:329:19:HAL_HCD_HC_SubmitRequest	16	static
stm32f7xx_hal_hcd.c:548:13:HAL_HCD_SOF_Callback	0	static
stm32f7xx_hal_hcd.c:563:13:HAL_HCD_Connect_Callback	0	static
stm32f7xx_hal_hcd.c:578:13:HAL_HCD_Disconnect_Callback	0	static
stm32f7xx_hal_hcd.c:603:13:HAL_HCD_HC_NotifyURBChange_Callback	0	static
stm32f7xx_hal_hcd.c:445:6:HAL_HCD_IRQHandler	56	static
stm32f7xx_hal_hcd.c:637:19:HAL_HCD_Start	16	static
stm32f7xx_hal_hcd.c:652:19:HAL_HCD_Stop	8	static
stm32f7xx_hal_hcd.c:665:19:HAL_HCD_ResetPort	0	static
stm32f7xx_hal_hcd.c:694:18:HAL_HCD_GetState	0	static
stm32f7xx_hal_hcd.c:713:21:HAL_HCD_HC_GetURBState	0	static
stm32f7xx_hal_hcd.c:726:10:HAL_HCD_HC_GetXferCount	0	static
stm32f7xx_hal_hcd.c:748:21:HAL_HCD_HC_GetState	0	static
stm32f7xx_hal_hcd.c:758:10:HAL_HCD_GetCurrentFrame	0	static
stm32f7xx_hal_hcd.c:768:10:HAL_HCD_GetCurrentSpeed	0	static
