stm32f7xx_hal_nor.c:250:13:HAL_NOR_MspInit	0	static
stm32f7xx_hal_nor.c:177:19:HAL_NOR_Init	16	static
stm32f7xx_hal_nor.c:266:13:HAL_NOR_MspDeInit	0	static
stm32f7xx_hal_nor.c:227:19:HAL_NOR_DeInit	8	static
stm32f7xx_hal_nor.c:283:13:HAL_NOR_MspWait	0	static
stm32f7xx_hal_nor.c:319:19:HAL_NOR_Read_ID	20	static,ignoring_inline_asm
stm32f7xx_hal_nor.c:379:19:HAL_NOR_ReturnToReadMode	0	static,ignoring_inline_asm
stm32f7xx_hal_nor.c:429:19:HAL_NOR_Read	20	static,ignoring_inline_asm
stm32f7xx_hal_nor.c:488:19:HAL_NOR_Program	20	static,ignoring_inline_asm
stm32f7xx_hal_nor.c:548:19:HAL_NOR_ReadBuffer	24	static,ignoring_inline_asm
stm32f7xx_hal_nor.c:613:19:HAL_NOR_ProgramBuffer	20	static,ignoring_inline_asm
stm32f7xx_hal_nor.c:693:19:HAL_NOR_Erase_Block	20	static,ignoring_inline_asm
stm32f7xx_hal_nor.c:752:19:HAL_NOR_Erase_Chip	16	static,ignoring_inline_asm
stm32f7xx_hal_nor.c:810:19:HAL_NOR_Read_CFI	16	static,ignoring_inline_asm
stm32f7xx_hal_nor.c:887:19:HAL_NOR_WriteOperation_Enable	16	static
stm32f7xx_hal_nor.c:910:19:HAL_NOR_WriteOperation_Disable	8	static
stm32f7xx_hal_nor.c:955:22:HAL_NOR_GetState	0	static
stm32f7xx_hal_nor.c:969:23:HAL_NOR_GetStatus	24	static
