stm32f7xx_hal_smartcard.c:1932:13:SMARTCARD_DMATransmitCplt	0	static
stm32f7xx_hal_smartcard.c:356:13:HAL_SMARTCARD_MspInit	0	static
stm32f7xx_hal_smartcard.c:254:19:HAL_SMARTCARD_Init	24	static
stm32f7xx_hal_smartcard.c:372:13:HAL_SMARTCARD_MspDeInit	0	static
stm32f7xx_hal_smartcard.c:315:19:HAL_SMARTCARD_DeInit	16	static
stm32f7xx_hal_smartcard.c:473:19:HAL_SMARTCARD_Transmit	32	static
stm32f7xx_hal_smartcard.c:554:19:HAL_SMARTCARD_Receive	24	static
stm32f7xx_hal_smartcard.c:612:19:HAL_SMARTCARD_Transmit_IT	12	static
stm32f7xx_hal_smartcard.c:668:19:HAL_SMARTCARD_Receive_IT	8	static
stm32f7xx_hal_smartcard.c:713:19:HAL_SMARTCARD_Transmit_DMA	24	static
stm32f7xx_hal_smartcard.c:787:19:HAL_SMARTCARD_Receive_DMA	24	static
stm32f7xx_hal_smartcard.c:852:19:HAL_SMARTCARD_Abort	8	static
stm32f7xx_hal_smartcard.c:920:19:HAL_SMARTCARD_AbortTransmit	8	static
stm32f7xx_hal_smartcard.c:973:19:HAL_SMARTCARD_AbortReceive	8	static
stm32f7xx_hal_smartcard.c:1506:13:HAL_SMARTCARD_TxCpltCallback	0	static
stm32f7xx_hal_smartcard.c:1522:13:HAL_SMARTCARD_RxCpltCallback	0	static
stm32f7xx_hal_smartcard.c:1951:13:SMARTCARD_DMAReceiveCplt	8	static
stm32f7xx_hal_smartcard.c:1538:13:HAL_SMARTCARD_ErrorCallback	0	static
stm32f7xx_hal_smartcard.c:1976:13:SMARTCARD_DMAError	8	static
stm32f7xx_hal_smartcard.c:1300:6:HAL_SMARTCARD_IRQHandler	16	static
stm32f7xx_hal_smartcard.c:2006:13:SMARTCARD_DMAAbortOnError	8	static
stm32f7xx_hal_smartcard.c:1554:13:HAL_SMARTCARD_AbortCpltCallback	0	static
stm32f7xx_hal_smartcard.c:1028:19:HAL_SMARTCARD_Abort_IT	16	static
stm32f7xx_hal_smartcard.c:2065:13:SMARTCARD_DMARxAbortCallback	8	static
stm32f7xx_hal_smartcard.c:2023:13:SMARTCARD_DMATxAbortCallback	8	static
stm32f7xx_hal_smartcard.c:1570:13:HAL_SMARTCARD_AbortTransmitCpltCallback	0	static
stm32f7xx_hal_smartcard.c:1154:19:HAL_SMARTCARD_AbortTransmit_IT	16	static
stm32f7xx_hal_smartcard.c:2107:13:SMARTCARD_DMATxOnlyAbortCallback	8	static
stm32f7xx_hal_smartcard.c:1586:13:HAL_SMARTCARD_AbortReceiveCpltCallback	0	static
stm32f7xx_hal_smartcard.c:1230:19:HAL_SMARTCARD_AbortReceive_IT	16	static
stm32f7xx_hal_smartcard.c:2131:13:SMARTCARD_DMARxOnlyAbortCallback	8	static
stm32f7xx_hal_smartcard.c:1625:28:HAL_SMARTCARD_GetState	0	static
stm32f7xx_hal_smartcard.c:1641:10:HAL_SMARTCARD_GetError	0	static
