stm32f7xx_hal_dsi.c:305:10:HAL_DSI_GetError	0	static
stm32f7xx_hal_dsi.c:319:19:HAL_DSI_ConfigErrorMonitor	4	static
stm32f7xx_hal_dsi.c:402:13:HAL_DSI_MspInit	0	static
stm32f7xx_hal_dsi.c:140:19:HAL_DSI_Init	24	static
stm32f7xx_hal_dsi.c:418:13:HAL_DSI_MspDeInit	0	static
stm32f7xx_hal_dsi.c:258:19:HAL_DSI_DeInit	8	static
stm32f7xx_hal_dsi.c:554:13:HAL_DSI_TearingEffectCallback	0	static
stm32f7xx_hal_dsi.c:570:13:HAL_DSI_EndOfRefreshCallback	0	static
stm32f7xx_hal_dsi.c:586:13:HAL_DSI_ErrorCallback	0	static
stm32f7xx_hal_dsi.c:451:6:HAL_DSI_IRQHandler	8	static
stm32f7xx_hal_dsi.c:619:19:HAL_DSI_SetGenericVCID	8	static
stm32f7xx_hal_dsi.c:642:19:HAL_DSI_ConfigVideoMode	24	static
stm32f7xx_hal_dsi.c:792:19:HAL_DSI_ConfigAdaptedCommandMode	16	static
stm32f7xx_hal_dsi.c:862:19:HAL_DSI_ConfigCommand	16	static
stm32f7xx_hal_dsi.c:925:19:HAL_DSI_ConfigFlowControl	8	static
stm32f7xx_hal_dsi.c:951:19:HAL_DSI_ConfigPhyTimer	16	static
stm32f7xx_hal_dsi.c:995:19:HAL_DSI_ConfigHostTimeouts	20	static
stm32f7xx_hal_dsi.c:1048:19:HAL_DSI_Start	4	static
stm32f7xx_hal_dsi.c:1071:19:HAL_DSI_Stop	4	static
stm32f7xx_hal_dsi.c:1094:19:HAL_DSI_Refresh	4	static
stm32f7xx_hal_dsi.c:1116:19:HAL_DSI_ColorMode	8	static
stm32f7xx_hal_dsi.c:1142:19:HAL_DSI_Shutdown	8	static
stm32f7xx_hal_dsi.c:1173:19:HAL_DSI_ShortWrite	32	static
stm32f7xx_hal_dsi.c:1230:19:HAL_DSI_LongWrite	48	static
stm32f7xx_hal_dsi.c:1309:19:HAL_DSI_Read	24	static
stm32f7xx_hal_dsi.c:1423:19:HAL_DSI_EnterULPMData	16	static
stm32f7xx_hal_dsi.c:1479:19:HAL_DSI_ExitULPMData	16	static
stm32f7xx_hal_dsi.c:1538:19:HAL_DSI_EnterULPM	16	static
stm32f7xx_hal_dsi.c:1603:19:HAL_DSI_ExitULPM	16	static
stm32f7xx_hal_dsi.c:1694:19:HAL_DSI_PatternGeneratorStart	12	static
stm32f7xx_hal_dsi.c:1718:19:HAL_DSI_PatternGeneratorStop	4	static
stm32f7xx_hal_dsi.c:1743:19:HAL_DSI_SetSlewRateAndDelayTuning	4	static
stm32f7xx_hal_dsi.c:1813:19:HAL_DSI_SetLowPowerRXFilter	8	static
stm32f7xx_hal_dsi.c:1836:19:HAL_DSI_SetSDD	8	static
stm32f7xx_hal_dsi.c:1865:19:HAL_DSI_SetLanePinsConfiguration	4	static
stm32f7xx_hal_dsi.c:1937:19:HAL_DSI_SetPHYTimings	4	static
stm32f7xx_hal_dsi.c:2084:19:HAL_DSI_ForceTXStopMode	0	static
stm32f7xx_hal_dsi.c:2119:19:HAL_DSI_ForceRXLowPower	8	static
stm32f7xx_hal_dsi.c:2144:19:HAL_DSI_ForceDataLanesInRX	8	static
stm32f7xx_hal_dsi.c:2169:19:HAL_DSI_SetPullDown	8	static
stm32f7xx_hal_dsi.c:2194:19:HAL_DSI_SetContentionDetectionOff	8	static
stm32f7xx_hal_dsi.c:2238:22:HAL_DSI_GetState	0	static
