stm32f7xx_hal_sai.c:563:13:HAL_SAI_MspInit	0	static
stm32f7xx_hal_sai.c:320:19:HAL_SAI_Init	24	static
stm32f7xx_hal_sai.c:281:19:HAL_SAI_InitProtocol	16	static
stm32f7xx_hal_sai.c:579:13:HAL_SAI_MspDeInit	0	static
stm32f7xx_hal_sai.c:522:19:HAL_SAI_DeInit	16	static
stm32f7xx_hal_sai.c:644:19:HAL_SAI_Transmit	40	static
stm32f7xx_hal_sai.c:744:19:HAL_SAI_Receive	32	static
stm32f7xx_hal_sai.c:841:19:HAL_SAI_Transmit_IT	12	static
stm32f7xx_hal_sai.c:903:19:HAL_SAI_Receive_IT	8	static
stm32f7xx_hal_sai.c:961:19:HAL_SAI_DMAPause	4	static
stm32f7xx_hal_sai.c:981:19:HAL_SAI_DMAResume	0	static
stm32f7xx_hal_sai.c:1008:19:HAL_SAI_DMAStop	16	static
stm32f7xx_hal_sai.c:1053:19:HAL_SAI_Abort	16	static
stm32f7xx_hal_sai.c:1107:19:HAL_SAI_Transmit_DMA	24	static
stm32f7xx_hal_sai.c:1176:19:HAL_SAI_Receive_DMA	24	static
stm32f7xx_hal_sai.c:1245:19:HAL_SAI_EnableTxMuteMode	0	static
stm32f7xx_hal_sai.c:1264:19:HAL_SAI_DisableTxMuteMode	0	static
stm32f7xx_hal_sai.c:1282:19:HAL_SAI_EnableRxMuteMode	8	static
stm32f7xx_hal_sai.c:1305:19:HAL_SAI_DisableRxMuteMode	4	static
stm32f7xx_hal_sai.c:1490:13:HAL_SAI_TxCpltCallback	0	static
stm32f7xx_hal_sai.c:1931:13:SAI_Transmit_IT32Bit	16	static
stm32f7xx_hal_sai.c:2035:13:SAI_DMATxCplt	16	static
stm32f7xx_hal_sai.c:1882:13:SAI_Transmit_IT8Bit	16	static
stm32f7xx_hal_sai.c:1906:13:SAI_Transmit_IT16Bit	16	static
stm32f7xx_hal_sai.c:1506:14:HAL_SAI_TxHalfCpltCallback	0	static
stm32f7xx_hal_sai.c:2060:13:SAI_DMATxHalfCplt	8	static
stm32f7xx_hal_sai.c:1522:13:HAL_SAI_RxCpltCallback	0	static
stm32f7xx_hal_sai.c:2008:13:SAI_Receive_IT32Bit	16	static
stm32f7xx_hal_sai.c:1982:13:SAI_Receive_IT16Bit	16	static
stm32f7xx_hal_sai.c:1956:13:SAI_Receive_IT8Bit	16	static
stm32f7xx_hal_sai.c:2073:13:SAI_DMARxCplt	16	static
stm32f7xx_hal_sai.c:1538:13:HAL_SAI_RxHalfCpltCallback	0	static
stm32f7xx_hal_sai.c:2096:13:SAI_DMARxHalfCplt	8	static
stm32f7xx_hal_sai.c:1554:13:HAL_SAI_ErrorCallback	0	static
stm32f7xx_hal_sai.c:2108:13:SAI_DMAError	8	static
stm32f7xx_hal_sai.c:1324:6:HAL_SAI_IRQHandler	16	static
stm32f7xx_hal_sai.c:2139:13:SAI_DMAAbort	8	static
stm32f7xx_hal_sai.c:1590:22:HAL_SAI_GetState	0	static
stm32f7xx_hal_sai.c:1601:10:HAL_SAI_GetError	0	static
